// Jest Snapshot v1, https://goo.gl/fbAQLP

exports[`render Column component correctly 1`] = `
<div
  className="Column-column-0-1-1"
/>
`;
