// Jest Snapshot v1, https://goo.gl/fbAQLP

exports[`render Row component correctly 1`] = `
<div
  className="Row-row-0-1-1"
/>
`;
