// Jest Snapshot v1, https://goo.gl/fbAQLP

exports[`render text component correctly 1`] = `
<span
  className="Text-text-0-1-1"
/>
`;
