// Jest Snapshot v1, https://goo.gl/fbAQLP

exports[`render Emails component correctly 1`] = `null`;
